{
    "Should run without failures": {
        "content": [
            {
                "0": [
                    [
                        "ascat_stats.tsv:md5,c62dffd1bcf538283acc0632b78edd95",
                        "ascat_low_qual.list:md5,d41d8cd98f00b204e9800998ecf8427e",
                        "sample_purity_ploidy.tsv:md5,c89e7c7abcbbf13c01ec3b46a7df7f17"
                    ]
                ],
                "ascat_sstats": [
                    [
                        "ascat_stats.tsv:md5,c62dffd1bcf538283acc0632b78edd95",
                        "ascat_low_qual.list:md5,d41d8cd98f00b204e9800998ecf8427e",
                        "sample_purity_ploidy.tsv:md5,c89e7c7abcbbf13c01ec3b46a7df7f17"
                    ]
                ]
            }
        ],
        "meta": {
            "nf-test": "0.8.4",
            "nextflow": "23.10.1"
        },
        "timestamp": "2024-05-15T10:02:21.556088"
    }
}