{
    "Should run without failures": {
        "content": [
            [
                [
                    {
                        "analysis_type": "one_tumor_per_patient",
                        "plot_dir": "one_per_patient"
                    },
                    "test_cn-loh.tsv:md5,340475db7aea3af3d5173d5e9390b904"
                ]
            ],
            [
                [
                    {
                        "analysis_type": "one_tumor_per_patient",
                        "plot_dir": "one_per_patient"
                    },
                    "test_CNfreq.tsv:md5,89fdaa4849518f14f10fb30b7ead7d9b"
                ]
            ],
            [
                [
                    {
                        "analysis_type": "one_tumor_per_patient",
                        "plot_dir": "one_per_patient"
                    },
                    "test_cn-loh_segments.tsv:md5,218645f4ab0686d694bb21261073345b"
                ]
            ],
            [
                [
                    {
                        "analysis_type": "one_tumor_per_patient",
                        "plot_dir": "one_per_patient"
                    },
                    "test_segments.tsv:md5,f4b548e21ed6a3a1e50b1cd33ff8bfa6"
                ]
            ]
        ],
        "meta": {
            "nf-test": "0.8.4",
            "nextflow": "23.10.1"
        },
        "timestamp": "2024-12-13T17:50:48.932467"
    }
}