{
    "Should run without failures": {
        "content": [
            {
                "0": [
                    "ascat_stats.tsv:md5,a102df90ee75b4a9473c27aa75767c50"
                ],
                "1": [
                    "ascat_low_qual.list:md5,d41d8cd98f00b204e9800998ecf8427e"
                ],
                "2": [
                    "sample_purity_ploidy.tsv:md5,80485b1f3983333638273f56d98f317f"
                ],
                "ascat_sstats": [
                    "ascat_stats.tsv:md5,a102df90ee75b4a9473c27aa75767c50"
                ],
                "low_quality": [
                    "ascat_low_qual.list:md5,d41d8cd98f00b204e9800998ecf8427e"
                ],
                "purity": [
                    "sample_purity_ploidy.tsv:md5,80485b1f3983333638273f56d98f317f"
                ]
            }
        ],
        "meta": {
            "nf-test": "0.8.4",
            "nextflow": "23.10.1"
        },
        "timestamp": "2024-05-29T14:55:24.315469"
    }
}