{
    "Should run without failures": {
        "content": [
            {
                "0": [
                    "all_lesions.conf_95.txt:md5,f8e6f213fdee100d31b07138c9e95a4d"
                ]
            }
        ],
        "meta": {
            "nf-test": "0.8.4",
            "nextflow": "23.10.1"
        },
        "timestamp": "2024-05-21T11:18:26.741312"
    }
}