{
    "Should run without failures": {
        "content": [
            {
                "0": [
                    "all_lesions.conf_95.txt:md5,d6daa279803dbab424206ef368cfcce4"
                ],
                "1": [
                    "broad_significance_results.txt:md5,83f958621857bdadb3e5342cf901603b"
                ],
                "2": [
                    "broad_values_by_arm.txt:md5,6e9b7c18d0afe85ad661b1431b6bfad0"
                ],
                "3": [
                    [
                        "amp_qplot.png:md5,8f6d1757de62b456ae9075984e98b8e1",
                        "del_qplot.png:md5,1ae3f37fd969f79484ed371ab8e03fb5",
                        "raw_copy_number.png:md5,040f9eb9fc1c83ddc7b15aae4d2d0846"
                    ]
                ],
                "4": [
                    [
                        "amp_qplot.pdf:md5,d5fab321d918f169f4065714e4a61779",
                        "del_qplot.pdf:md5,a347c3b94ce41e520ffeba055f5c177d",
                        "freqarms_vs_ngenes.pdf:md5,d41f86e9bb2e375ebc146e4b1ebad909",
                        "raw_copy_number.pdf:md5,458b8ed5fe71cef355c94c5b28ef5120"
                    ]
                ],
                "5": [
                    [
                        "D.cap1.5.mat:md5,cc7650a9aa7c22b579576db3fee616b2",
                        "focal_dat.0.75.mat:md5,8db64cc10dd3fef8dc54e03eb225f5bd",
                        "gistic_inputs.mat:md5,e9aee1a526e9b4abf55e2c127dfcc96a",
                        "peak_regs.mat:md5,950c9a21963cd80ea271d1f44841d037",
                        "perm_ads.mat:md5,54b0b2c61f5742d3f093331e148ee65c",
                        "scores.0.75.mat:md5,a6ad40918c510524a052ce9a8c78e363",
                        "wide_peak_regs.mat:md5,3c281a6e5dcd9281b0aad3a3a01a76e5"
                    ]
                ],
                "6": [
                    [
                        "all_data_by_genes.txt:md5,aa5aad89a3f601625e4fdce49a9c50ae",
                        "all_lesions.conf_95.txt:md5,d6daa279803dbab424206ef368cfcce4",
                        "all_thresholded.by_genes.txt:md5,7fe62433dcb0223c7a59df70f34698c2",
                        "amp_genes.conf_95.txt:md5,0c49b78aaa59073cfd945b7ebb40fa76",
                        "broad_data_by_genes.txt:md5,2681e643256231f1908b9dff377c98a6",
                        "broad_significance_results.txt:md5,83f958621857bdadb3e5342cf901603b",
                        "broad_values_by_arm.txt:md5,6e9b7c18d0afe85ad661b1431b6bfad0",
                        "del_genes.conf_95.txt:md5,0c49b78aaa59073cfd945b7ebb40fa76",
                        "focal_data_by_genes.txt:md5,aa5aad89a3f601625e4fdce49a9c50ae",
                        "sample_cutoffs.txt:md5,59d17e450346895c65cae229071c43b2",
                        "sample_seg_counts.txt:md5,7fa47860f36d335c57698eefe30d35a4"
                    ]
                ],
                "7": [
                    "one_tumor_per_patient.tsv:md5,bc33d66f2a73810755dbc689a3cbb455"
                ],
                "arms": [
                    "broad_values_by_arm.txt:md5,6e9b7c18d0afe85ad661b1431b6bfad0"
                ],
                "broad": [
                    "broad_significance_results.txt:md5,83f958621857bdadb3e5342cf901603b"
                ],
                "lesions": [
                    "all_lesions.conf_95.txt:md5,d6daa279803dbab424206ef368cfcce4"
                ],
                "mats": [
                    [
                        "D.cap1.5.mat:md5,cc7650a9aa7c22b579576db3fee616b2",
                        "focal_dat.0.75.mat:md5,8db64cc10dd3fef8dc54e03eb225f5bd",
                        "gistic_inputs.mat:md5,e9aee1a526e9b4abf55e2c127dfcc96a",
                        "peak_regs.mat:md5,950c9a21963cd80ea271d1f44841d037",
                        "perm_ads.mat:md5,54b0b2c61f5742d3f093331e148ee65c",
                        "scores.0.75.mat:md5,a6ad40918c510524a052ce9a8c78e363",
                        "wide_peak_regs.mat:md5,3c281a6e5dcd9281b0aad3a3a01a76e5"
                    ]
                ],
                "pdfs": [
                    [
                        "amp_qplot.pdf:md5,d5fab321d918f169f4065714e4a61779",
                        "del_qplot.pdf:md5,a347c3b94ce41e520ffeba055f5c177d",
                        "freqarms_vs_ngenes.pdf:md5,d41f86e9bb2e375ebc146e4b1ebad909",
                        "raw_copy_number.pdf:md5,458b8ed5fe71cef355c94c5b28ef5120"
                    ]
                ],
                "plots": [
                    [
                        "amp_qplot.png:md5,8f6d1757de62b456ae9075984e98b8e1",
                        "del_qplot.png:md5,1ae3f37fd969f79484ed371ab8e03fb5",
                        "raw_copy_number.png:md5,040f9eb9fc1c83ddc7b15aae4d2d0846"
                    ]
                ],
                "segment_file": [
                    "one_tumor_per_patient.tsv:md5,bc33d66f2a73810755dbc689a3cbb455"
                ],
                "tables": [
                    [
                        "all_data_by_genes.txt:md5,aa5aad89a3f601625e4fdce49a9c50ae",
                        "all_lesions.conf_95.txt:md5,d6daa279803dbab424206ef368cfcce4",
                        "all_thresholded.by_genes.txt:md5,7fe62433dcb0223c7a59df70f34698c2",
                        "amp_genes.conf_95.txt:md5,0c49b78aaa59073cfd945b7ebb40fa76",
                        "broad_data_by_genes.txt:md5,2681e643256231f1908b9dff377c98a6",
                        "broad_significance_results.txt:md5,83f958621857bdadb3e5342cf901603b",
                        "broad_values_by_arm.txt:md5,6e9b7c18d0afe85ad661b1431b6bfad0",
                        "del_genes.conf_95.txt:md5,0c49b78aaa59073cfd945b7ebb40fa76",
                        "focal_data_by_genes.txt:md5,aa5aad89a3f601625e4fdce49a9c50ae",
                        "sample_cutoffs.txt:md5,59d17e450346895c65cae229071c43b2",
                        "sample_seg_counts.txt:md5,7fa47860f36d335c57698eefe30d35a4"
                    ]
                ]
            }
        ],
        "meta": {
            "nf-test": "0.8.4",
            "nextflow": "23.10.1"
        },
        "timestamp": "2024-06-07T09:22:36.065927"
    }
}