{
    "Should run without failures": {
        "content": [
            {
                "0": [
                    
                ],
                "1": [
                    "samples2sex.txt:md5,18eda5f110c7c6265971e9d56cd73e07"
                ],
                "combined_metadata": [
                    
                ],
                "sex2chr_ch": [
                    "samples2sex.txt:md5,18eda5f110c7c6265971e9d56cd73e07"
                ]
            }
        ],
        "meta": {
            "nf-test": "0.8.4",
            "nextflow": "23.10.1"
        },
        "timestamp": "2024-05-31T08:46:54.908616"
    }
}